../tests/strace--syscall-limit--seccomp-bpf-3.expected