../tests/strace--follow-forks-output-separately.expected