../tests/strace--syscall-limit--seccomp-bpf-1.expected