../tests/strace--syscall-limit--seccomp-bpf-2.expected